F:\All Project\mas\backend\app\routes\ws.py:13 F841 Local variable `data` is assigned to but never used
F:\All Project\mas\backend\scripts\seed_demo_agents.py:138 F841 Local variable `result` is assigned to but never used
F:\All Project\mas\backend\seed_data.py:18 F841 Local variable `db` is assigned to but never used
F:\All Project\mas\backend\tests\conftest.py:12 E402 Module level import not at top of file
F:\All Project\mas\backend\tests\test_task_lifecycle.py:67 F841 Local variable `task` is assigned to but never used
F:\All Project\mas\backend\tests\test_task_lifecycle.py:102 F841 Local variable `MockOrch` is assigned to but never used
