.............F...FF..FF........F...................                      [100%]
================================== FAILURES ===================================
____________ TestDelegationDepth.test_exceeds_max_depth_fails_task ____________

self = <test_orchestrator.TestDelegationDepth object at 0x00000209BAA81B10>
mock_task_service = <MagicMock name='TaskService' id='2240805571344'>
mock_get_settings = <MagicMock name='get_settings' id='2240809346384'>
mock_settings = <MagicMock name='get_settings()' id='2240810286608'>

    @pytest.mark.asyncio
    @patch("app.services.orchestrator.get_settings")
    @patch("app.services.orchestrator.TaskService")
    async def test_exceeds_max_depth_fails_task(
        self, mock_task_service, mock_get_settings, mock_settings
    ):
        """Task should fail when delegation depth exceeds MAX_DELEGATION_DEPTH."""
        mock_get_settings.return_value = mock_settings
    
        from app.services.orchestrator import Orchestrator
    
>       await Orchestrator.execute_task("task-deep", depth=6)

tests\test_orchestrator.py:96: 
_ _ _ _ _ _ _ _ _ _ _ _ _ _ _ _ _ _ _ _ _ _ _ _ _ _ _ _ _ _ _ _ _ _ _ _ _ _ _ _

task_id = 'task-deep', depth = 6

    @staticmethod
    async def execute_task(task_id: str, depth: int = 0):
        """Main entry point for executing a task."""
        max_depth = settings.MAX_DELEGATION_DEPTH
    
        if depth > max_depth:
>           await TaskService.update_task_status(
                task_id,
                TaskStatus.FAILED,
                error=f"Maximum delegation depth ({max_depth}) exceeded. Possible infinite loop.",
            )
E           TypeError: object MagicMock can't be used in 'await' expression

app\services\orchestrator.py:83: TypeError
__________ TestTaskStatusTransitions.test_inactive_agent_fails_task ___________

self = <test_orchestrator.TestTaskStatusTransitions object at 0x00000209BAA83D90>
mock_get_settings = <MagicMock name='get_settings' id='2240811721808'>
mock_task_service = <MagicMock name='TaskService' id='2240811715152'>
mock_agent_service = <MagicMock name='AgentService' id='2240811323152'>
mock_exec_service = <MagicMock name='ExecutionService' id='2240811328208'>
mock_ws = <MagicMock name='ws_manager' id='2240811333328'>
mock_settings = <MagicMock name='get_settings()' id='2240811787216'>
mock_task = <MagicMock id='2240811413712'>
mock_agent = <MagicMock id='2240811406160'>

    @pytest.mark.asyncio
    @patch("app.services.orchestrator.ws_manager")
    @patch("app.services.orchestrator.ExecutionService")
    @patch("app.services.orchestrator.AgentService")
    @patch("app.services.orchestrator.TaskService")
    @patch("app.services.orchestrator.get_settings")
    async def test_inactive_agent_fails_task(
        self, mock_get_settings, mock_task_service,
        mock_agent_service, mock_exec_service, mock_ws,
        mock_settings, mock_task, mock_agent,
    ):
        """Task assigned to inactive agent should fail."""
        mock_get_settings.return_value = mock_settings
        mock_task_service.get_task = AsyncMock(return_value=mock_task)
        mock_agent.active = False
        mock_agent_service.get_agent = AsyncMock(return_value=mock_agent)
    
        from app.services.orchestrator import Orchestrator
>       await Orchestrator.execute_task("task-456")

tests\test_orchestrator.py:181: 
_ _ _ _ _ _ _ _ _ _ _ _ _ _ _ _ _ _ _ _ _ _ _ _ _ _ _ _ _ _ _ _ _ _ _ _ _ _ _ _

task_id = 'task-456', depth = 0

    @staticmethod
    async def execute_task(task_id: str, depth: int = 0):
        """Main entry point for executing a task."""
        max_depth = settings.MAX_DELEGATION_DEPTH
    
        if depth > max_depth:
            await TaskService.update_task_status(
                task_id,
                TaskStatus.FAILED,
                error=f"Maximum delegation depth ({max_depth}) exceeded. Possible infinite loop.",
            )
            return
    
        task = await TaskService.get_task(task_id)
        if not task:
            return
    
        agent = await AgentService.get_agent(task.assignedAgentId)
        if not agent:
            await TaskService.update_task_status(
                task_id, TaskStatus.FAILED, error="Assigned agent not found"
            )
            return
    
        if not agent.active:
>           await TaskService.update_task_status(
                task_id, TaskStatus.FAILED, error="Assigned agent is inactive"
            )
E           TypeError: object MagicMock can't be used in 'await' expression

app\services\orchestrator.py:102: TypeError
___________ TestTaskStatusTransitions.test_missing_agent_fails_task ___________

self = <test_orchestrator.TestTaskStatusTransitions object at 0x00000209BAA88690>
mock_get_settings = <MagicMock name='get_settings' id='2240809346000'>
mock_task_service = <MagicMock name='TaskService' id='2240810615440'>
mock_agent_service = <MagicMock name='AgentService' id='2240802755920'>
mock_exec_service = <MagicMock name='ExecutionService' id='2240811632592'>
mock_ws = <MagicMock name='ws_manager' id='2240812110608'>
mock_settings = <MagicMock name='get_settings()' id='2240811680080'>
mock_task = <MagicMock id='2240810184464'>

    @pytest.mark.asyncio
    @patch("app.services.orchestrator.ws_manager")
    @patch("app.services.orchestrator.ExecutionService")
    @patch("app.services.orchestrator.AgentService")
    @patch("app.services.orchestrator.TaskService")
    @patch("app.services.orchestrator.get_settings")
    async def test_missing_agent_fails_task(
        self, mock_get_settings, mock_task_service,
        mock_agent_service, mock_exec_service, mock_ws,
        mock_settings, mock_task,
    ):
        """Task with non-existent agent should fail."""
        mock_get_settings.return_value = mock_settings
        mock_task_service.get_task = AsyncMock(return_value=mock_task)
        mock_agent_service.get_agent = AsyncMock(return_value=None)
    
        from app.services.orchestrator import Orchestrator
>       await Orchestrator.execute_task("task-456")

tests\test_orchestrator.py:204: 
_ _ _ _ _ _ _ _ _ _ _ _ _ _ _ _ _ _ _ _ _ _ _ _ _ _ _ _ _ _ _ _ _ _ _ _ _ _ _ _

task_id = 'task-456', depth = 0

    @staticmethod
    async def execute_task(task_id: str, depth: int = 0):
        """Main entry point for executing a task."""
        max_depth = settings.MAX_DELEGATION_DEPTH
    
        if depth > max_depth:
            await TaskService.update_task_status(
                task_id,
                TaskStatus.FAILED,
                error=f"Maximum delegation depth ({max_depth}) exceeded. Possible infinite loop.",
            )
            return
    
        task = await TaskService.get_task(task_id)
        if not task:
            return
    
        agent = await AgentService.get_agent(task.assignedAgentId)
        if not agent:
>           await TaskService.update_task_status(
                task_id, TaskStatus.FAILED, error="Assigned agent not found"
            )
E           TypeError: object MagicMock can't be used in 'await' expression

app\services\orchestrator.py:96: TypeError
_________ TestDelegationHandler.test_delegation_to_unauthorized_agent _________

self = <test_orchestrator.TestDelegationHandler object at 0x00000209BAA8A350>
mock_task_service = <MagicMock name='TaskService' id='2240811773648'>
mock_agent_service = <MagicMock name='AgentService' id='2240811743952'>
mock_exec_service = <MagicMock name='ExecutionService' id='2240811554640'>
mock_ws = <MagicMock name='ws_manager' id='2240811560720'>
mock_task = <MagicMock id='2240811778000'>
mock_agent = <MagicMock id='2240811704272'>
mock_execution = <MagicMock id='2240811790608'>

    @pytest.mark.asyncio
    @patch("app.services.orchestrator.ws_manager")
    @patch("app.services.orchestrator.ExecutionService")
    @patch("app.services.orchestrator.AgentService")
    @patch("app.services.orchestrator.TaskService")
    async def test_delegation_to_unauthorized_agent(
        self, mock_task_service, mock_agent_service,
        mock_exec_service, mock_ws,
        mock_task, mock_agent, mock_execution,
    ):
        """Delegating to an agent not in allowedSubAgents should error."""
        mock_agent.allowedSubAgents = ["agent-allowed"]
    
        from app.services.orchestrator import Orchestrator
    
>       result = await Orchestrator._handle_delegation(
            mock_task, mock_agent, mock_execution,
            {"agent_id": "agent-UNAUTHORIZED", "subtask_title": "Test", "subtask_input": "Test"},
            depth=0,
        )

tests\test_orchestrator.py:260: 
_ _ _ _ _ _ _ _ _ _ _ _ _ _ _ _ _ _ _ _ _ _ _ _ _ _ _ _ _ _ _ _ _ _ _ _ _ _ _ _

task = <MagicMock id='2240811778000'>, agent = <MagicMock id='2240811704272'>
execution = <MagicMock id='2240811790608'>
args = {'agent_id': 'agent-UNAUTHORIZED', 'subtask_input': 'Test', 'subtask_title': 'Test'}
depth = 0

    @staticmethod
    async def _handle_delegation(task, agent, execution, args: dict, depth: int) -> Optional[str]:
        """Handle a delegation request from the LLM."""
        target_agent_id = args.get("agent_id", "")
        subtask_title = args.get("subtask_title", "Subtask")
        subtask_input = args.get("subtask_input", "")
    
        # Validate agent is in allowed list
        if target_agent_id not in agent.allowedSubAgents:
            msg = f"Agent '{target_agent_id}' is not in allowed sub-agents list."
>           await ExecutionService.add_step(
                execution.id, task.id, agent.id,
                StepType.ERROR, msg,
            )
E           TypeError: object MagicMock can't be used in 'await' expression

app\services\orchestrator.py:372: TypeError
___________ TestDelegationHandler.test_delegation_to_inactive_agent ___________

self = <test_orchestrator.TestDelegationHandler object at 0x00000209BAA8AC50>
mock_task_service = <MagicMock name='TaskService' id='2240812597200'>
mock_agent_service = <MagicMock name='AgentService' id='2240811406416'>
mock_exec_service = <MagicMock name='ExecutionService' id='2240812170896'>
mock_ws = <MagicMock name='ws_manager' id='2240812170832'>
mock_task = <MagicMock id='2240811399120'>
mock_agent = <MagicMock id='2240812587728'>
mock_execution = <MagicMock id='2240812589712'>

    @pytest.mark.asyncio
    @patch("app.services.orchestrator.ws_manager")
    @patch("app.services.orchestrator.ExecutionService")
    @patch("app.services.orchestrator.AgentService")
    @patch("app.services.orchestrator.TaskService")
    async def test_delegation_to_inactive_agent(
        self, mock_task_service, mock_agent_service,
        mock_exec_service, mock_ws,
        mock_task, mock_agent, mock_execution,
    ):
        """Delegating to an inactive agent should error."""
        mock_agent.allowedSubAgents = ["agent-inactive"]
    
        inactive_agent = MagicMock()
        inactive_agent.active = False
        mock_agent_service.get_agent = AsyncMock(return_value=inactive_agent)
    
        from app.services.orchestrator import Orchestrator
    
>       result = await Orchestrator._handle_delegation(
            mock_task, mock_agent, mock_execution,
            {"agent_id": "agent-inactive", "subtask_title": "Test", "subtask_input": "Test"},
            depth=0,
        )

tests\test_orchestrator.py:288: 
_ _ _ _ _ _ _ _ _ _ _ _ _ _ _ _ _ _ _ _ _ _ _ _ _ _ _ _ _ _ _ _ _ _ _ _ _ _ _ _

task = <MagicMock id='2240811399120'>, agent = <MagicMock id='2240812587728'>
execution = <MagicMock id='2240812589712'>
args = {'agent_id': 'agent-inactive', 'subtask_input': 'Test', 'subtask_title': 'Test'}
depth = 0

    @staticmethod
    async def _handle_delegation(task, agent, execution, args: dict, depth: int) -> Optional[str]:
        """Handle a delegation request from the LLM."""
        target_agent_id = args.get("agent_id", "")
        subtask_title = args.get("subtask_title", "Subtask")
        subtask_input = args.get("subtask_input", "")
    
        # Validate agent is in allowed list
        if target_agent_id not in agent.allowedSubAgents:
            msg = f"Agent '{target_agent_id}' is not in allowed sub-agents list."
            await ExecutionService.add_step(
                execution.id, task.id, agent.id,
                StepType.ERROR, msg,
            )
            return f"ERROR: {msg}"
    
        target_agent = await AgentService.get_agent(target_agent_id)
        if not target_agent or not target_agent.active:
            msg = "Target agent not found or inactive."
>           await ExecutionService.add_step(
                execution.id, task.id, agent.id,
                StepType.ERROR, msg,
            )
E           TypeError: object MagicMock can't be used in 'await' expression

app\services\orchestrator.py:381: TypeError
____________ TestTaskDispatcher.test_dispatch_to_background_tasks _____________

self = <test_task_lifecycle.TestTaskDispatcher object at 0x00000209BAA9F850>
mock_settings = <MagicMock name='settings' id='2240811852048'>

    @pytest.mark.asyncio
    @patch("app.utils.task_dispatcher.settings")
    async def test_dispatch_to_background_tasks(self, mock_settings):
        """When USE_CELERY is False, should use BackgroundTasks."""
        mock_settings.USE_CELERY = False
    
        from app.utils.task_dispatcher import dispatch_task_execution
        from fastapi import BackgroundTasks
    
        bg_tasks = MagicMock(spec=BackgroundTasks)
    
>       with patch("app.utils.task_dispatcher.Orchestrator"):

tests\test_task_lifecycle.py:102: 
_ _ _ _ _ _ _ _ _ _ _ _ _ _ _ _ _ _ _ _ _ _ _ _ _ _ _ _ _ _ _ _ _ _ _ _ _ _ _ _
C:\Users\Gaming 3\AppData\Local\Programs\Python\Python311\Lib\unittest\mock.py:1427: in __enter__
    original, local = self.get_original()
_ _ _ _ _ _ _ _ _ _ _ _ _ _ _ _ _ _ _ _ _ _ _ _ _ _ _ _ _ _ _ _ _ _ _ _ _ _ _ _

self = <unittest.mock._patch object at 0x00000209BAD33B10>

    def get_original(self):
        target = self.getter()
        name = self.attribute
    
        original = DEFAULT
        local = False
    
        try:
            original = target.__dict__[name]
        except (AttributeError, KeyError):
            original = getattr(target, name, DEFAULT)
        else:
            local = True
    
        if name in _builtins and isinstance(target, ModuleType):
            self.create = True
    
        if not self.create and original is DEFAULT:
>           raise AttributeError(
                "%s does not have the attribute %r" % (target, name)
            )
E           AttributeError: <module 'app.utils.task_dispatcher' from 'F:\\All Project\\mas\\backend\\app\\utils\\task_dispatcher.py'> does not have the attribute 'Orchestrator'

C:\Users\Gaming 3\AppData\Local\Programs\Python\Python311\Lib\unittest\mock.py:1400: AttributeError
============================== warnings summary ===============================
C:\Users\Gaming 3\AppData\Local\Programs\Python\Python311\Lib\site-packages\starlette\formparsers.py:12
  C:\Users\Gaming 3\AppData\Local\Programs\Python\Python311\Lib\site-packages\starlette\formparsers.py:12: PendingDeprecationWarning: Please use `import python_multipart` instead.
    import multipart

C:\Users\Gaming 3\AppData\Local\Programs\Python\Python311\Lib\site-packages\pydantic\_internal\_config.py:291
C:\Users\Gaming 3\AppData\Local\Programs\Python\Python311\Lib\site-packages\pydantic\_internal\_config.py:291
  C:\Users\Gaming 3\AppData\Local\Programs\Python\Python311\Lib\site-packages\pydantic\_internal\_config.py:291: PydanticDeprecatedSince20: Support for class-based `config` is deprecated, use ConfigDict instead. Deprecated in Pydantic V2.0 to be removed in V3.0. See Pydantic V2 Migration Guide at https://errors.pydantic.dev/2.9/migration/
    warnings.warn(DEPRECATION_MESSAGE, DeprecationWarning)

-- Docs: https://docs.pytest.org/en/stable/how-to/capture-warnings.html
=========================== short test summary info ===========================
FAILED tests/test_orchestrator.py::TestDelegationDepth::test_exceeds_max_depth_fails_task
FAILED tests/test_orchestrator.py::TestTaskStatusTransitions::test_inactive_agent_fails_task
FAILED tests/test_orchestrator.py::TestTaskStatusTransitions::test_missing_agent_fails_task
FAILED tests/test_orchestrator.py::TestDelegationHandler::test_delegation_to_unauthorized_agent
FAILED tests/test_orchestrator.py::TestDelegationHandler::test_delegation_to_inactive_agent
FAILED tests/test_task_lifecycle.py::TestTaskDispatcher::test_dispatch_to_background_tasks
6 failed, 45 passed, 3 warnings in 0.74s
