python : 
C:\Users\Gaming 3\AppDat
a\Local\Programs\Python\
Python311\Lib\site-packa
ges\requests\__init__.py
:113: RequestsDependency
Warning: urllib3 
(2.6.3) or chardet (6.0.
0.post1)/charset_normali
zer (3.4.1) doesn't 
match a supported 
version!
At line:1 char:1
+ python -m pytest 
tests/ -q --tb=line 
2>&1 | Out-File 
-FilePath test_o ...
+ ~~~~~~~~~~~~~~~~~~~~~~
~~~~~~~~~~~~~~~~~~~
    + CategoryInfo      
        : NotSpecified  
  : (C:\Users\Gaming.   
 ..ported version!:S    
tring) [], RemoteEx    
ception
    + FullyQualifiedErr 
   orId : NativeComman  
  dError
 
  warnings.warn(
C:\Users\Gaming 3\AppDat
a\Local\Programs\Python\
Python311\Lib\site-packa
ges\pytest_asyncio\plugi
n.py:207: PytestDeprecat
ionWarning: The 
configuration option "as
yncio_default_fixture_lo
op_scope" is unset.
The event loop scope 
for asynchronous 
fixtures will default 
to the fixture caching 
scope. Future versions 
of pytest-asyncio will 
default the loop scope 
for asynchronous 
fixtures to function 
scope. Set the default 
fixture loop scope 
explicitly in order to 
avoid unexpected 
behavior in the future. 
Valid fixture loop 
scopes are: "function", 
"class", "module", 
"package", "session"

  warnings.warn(PytestDe
precationWarning(_DEFAUL
T_FIXTURE_LOOP_SCOPE_UNS
ET))
...................................................                      [100%]
============================== warnings summary ===============================
C:\Users\Gaming 3\AppData\Local\Programs\Python\Python311\Lib\site-packages\starlette\formparsers.py:12
  C:\Users\Gaming 3\AppData\Local\Programs\Python\Python311\Lib\site-packages\starlette\formparsers.py:12: PendingDeprecationWarning: Please use `import python_multipart` instead.
    import multipart

C:\Users\Gaming 3\AppData\Local\Programs\Python\Python311\Lib\site-packages\pydantic\_internal\_config.py:291
C:\Users\Gaming 3\AppData\Local\Programs\Python\Python311\Lib\site-packages\pydantic\_internal\_config.py:291
  C:\Users\Gaming 3\AppData\Local\Programs\Python\Python311\Lib\site-packages\pydantic\_internal\_config.py:291: PydanticDeprecatedSince20: Support for class-based `config` is deprecated, use ConfigDict instead. Deprecated in Pydantic V2.0 to be removed in V3.0. See Pydantic V2 Migration Guide at https://errors.pydantic.dev/2.9/migration/
    warnings.warn(DEPRECATION_MESSAGE, DeprecationWarning)

-- Docs: https://docs.pytest.org/en/stable/how-to/capture-warnings.html
51 passed, 3 warnings in 0.86s
